{
  "version": "1.5.0",
  "plugins_used": [
    {
      "name": "ArtifactoryDetector"
    },
    {
      "name": "AWSKeyDetector"
    },
    {
      "name": "AzureStorageKeyDetector"
    },
    {
      "name": "Base64HighEntropyString",
      "limit": 4.5
    },
    {
      "name": "BasicAuthDetector"
    },
    {
      "name": "CloudantDetector"
    },
    {
      "name": "DiscordBotTokenDetector"
    },
    {
      "name": "GitHubTokenDetector"
    },
    {
      "name": "GitLabTokenDetector"
    },
    {
      "name": "HexHighEntropyString",
      "limit": 3.0
    },
    {
      "name": "IbmCloudIamDetector"
    },
    {
      "name": "IbmCosHmacDetector"
    },
    {
      "name": "IPPublicDetector"
    },
    {
      "name": "JwtTokenDetector"
    },
    {
      "name": "KeywordDetector",
      "keyword_exclude": ""
    },
    {
      "name": "MailchimpDetector"
    },
    {
      "name": "NpmDetector"
    },
    {
      "name": "OpenAIDetector"
    },
    {
      "name": "PrivateKeyDetector"
    },
    {
      "name": "PypiTokenDetector"
    },
    {
      "name": "SendGridDetector"
    },
    {
      "name": "SlackDetector"
    },
    {
      "name": "SoftlayerDetector"
    },
    {
      "name": "SquareOAuthDetector"
    },
    {
      "name": "StripeDetector"
    },
    {
      "name": "TelegramBotTokenDetector"
    },
    {
      "name": "TwilioKeyDetector"
    }
  ],
  "filters_used": [
    {
      "path": "detect_secrets.filters.allowlist.is_line_allowlisted"
    },
    {
      "path": "detect_secrets.filters.common.is_ignored_due_to_verification_policies",
      "min_level": 2
    },
    {
      "path": "detect_secrets.filters.heuristic.is_indirect_reference"
    },
    {
      "path": "detect_secrets.filters.heuristic.is_likely_id_string"
    },
    {
      "path": "detect_secrets.filters.heuristic.is_lock_file"
    },
    {
      "path": "detect_secrets.filters.heuristic.is_not_alphanumeric_string"
    },
    {
      "path": "detect_secrets.filters.heuristic.is_potential_uuid"
    },
    {
      "path": "detect_secrets.filters.heuristic.is_prefixed_with_dollar_sign"
    },
    {
      "path": "detect_secrets.filters.heuristic.is_sequential_string"
    },
    {
      "path": "detect_secrets.filters.heuristic.is_swagger_file"
    },
    {
      "path": "detect_secrets.filters.heuristic.is_templated_secret"
    },
    {
      "path": "detect_secrets.filters.regex.should_exclude_file",
      "pattern": [
        "\\.env$",
        "output/logs/.*",
        "\\.git/.*"
      ]
    }
  ],
  "results": {
    ".env.example": [
      {
        "type": "Basic Auth Credentials",
        "filename": ".env.example",
        "hashed_secret": "66c13dc80c2b7d6310d669b21194ca1b9acca5e1",
        "is_verified": false,
        "line_number": 31
      }
    ],
    ".github/workflows/gemini-dispatch.yml": [
      {
        "type": "Secret Keyword",
        "filename": ".github/workflows/gemini-dispatch.yml",
        "hashed_secret": "3e26d6750975d678acb8fa35a0f69237881576b0",
        "is_verified": false,
        "line_number": 140
      }
    ],
    "DEPLOYMENT_GUIDE.md": [
      {
        "type": "Basic Auth Credentials",
        "filename": "DEPLOYMENT_GUIDE.md",
        "hashed_secret": "9d4e1e23bd5b727046a9e3b4b7db57bd8d6ee684",
        "is_verified": false,
        "line_number": 129
      },
      {
        "type": "Secret Keyword",
        "filename": "DEPLOYMENT_GUIDE.md",
        "hashed_secret": "1ac046d38cac4e92968c999d5ab1fa9ebeb2022e",
        "is_verified": false,
        "line_number": 332
      },
      {
        "type": "Basic Auth Credentials",
        "filename": "DEPLOYMENT_GUIDE.md",
        "hashed_secret": "5baa61e4c9b93f3f0682250b6cf8331b7ee68fd8",
        "is_verified": false,
        "line_number": 385
      },
      {
        "type": "Secret Keyword",
        "filename": "DEPLOYMENT_GUIDE.md",
        "hashed_secret": "5179694cbacc26eb43cd120ce3a78932bbe4ff63",
        "is_verified": false,
        "line_number": 546
      }
    ],
    "FIRST_VM_BOOT_CHECKLIST.md": [
      {
        "type": "Basic Auth Credentials",
        "filename": "FIRST_VM_BOOT_CHECKLIST.md",
        "hashed_secret": "3a7c788fd3328060fb6ef010383c75fbdeff4177",
        "is_verified": false,
        "line_number": 355
      },
      {
        "type": "Secret Keyword",
        "filename": "FIRST_VM_BOOT_CHECKLIST.md",
        "hashed_secret": "3a7c788fd3328060fb6ef010383c75fbdeff4177",
        "is_verified": false,
        "line_number": 407
      }
    ],
    "K1_FIRST_TIME_USER_MANUAL.md": [
      {
        "type": "Base64 High Entropy String",
        "filename": "K1_FIRST_TIME_USER_MANUAL.md",
        "hashed_secret": "ff15281b8d0faf09e85d8350caccc9b76ded7c7f",
        "is_verified": false,
        "line_number": 367
      }
    ],
    "K1_LONG_TERM_USER_MANUAL.md": [
      {
        "type": "Secret Keyword",
        "filename": "K1_LONG_TERM_USER_MANUAL.md",
        "hashed_secret": "e184b402822abc549b37689c84e8e0e33c39a1f1",
        "is_verified": false,
        "line_number": 830
      }
    ],
    "QUICKSTART.md": [
      {
        "type": "Base64 High Entropy String",
        "filename": "QUICKSTART.md",
        "hashed_secret": "aa75b2e63a7d24708f27bc8c8f1d3de47a74ffab",
        "is_verified": false,
        "line_number": 203
      }
    ],
    "REASONING_LOOP_AND_FINDING_WORKFLOW.md": [
      {
        "type": "Hex High Entropy String",
        "filename": "REASONING_LOOP_AND_FINDING_WORKFLOW.md",
        "hashed_secret": "90bd1b48e958257948487b90bee080ba5ed00caa",
        "is_verified": false,
        "line_number": 499
      }
    ],
    "UNIFIED_K1_PLATFORM_GUIDE.md": [
      {
        "type": "Basic Auth Credentials",
        "filename": "UNIFIED_K1_PLATFORM_GUIDE.md",
        "hashed_secret": "9d4e1e23bd5b727046a9e3b4b7db57bd8d6ee684",
        "is_verified": false,
        "line_number": 109
      }
    ],
    "alembic.ini": [
      {
        "type": "Basic Auth Credentials",
        "filename": "alembic.ini",
        "hashed_secret": "66c13dc80c2b7d6310d669b21194ca1b9acca5e1",
        "is_verified": false,
        "line_number": 5
      }
    ],
    "apps/backend/hil_api/.env.example": [
      {
        "type": "Basic Auth Credentials",
        "filename": "apps/backend/hil_api/.env.example",
        "hashed_secret": "f8f243ef8fb256ae829af7499c76110ae902e618",
        "is_verified": false,
        "line_number": 1
      }
    ],
    "apps/backend/src/core/auth.py": [
      {
        "type": "Secret Keyword",
        "filename": "apps/backend/src/core/auth.py",
        "hashed_secret": "86c89694a660ef3c39164f6d7054a07a962892c5",
        "is_verified": false,
        "line_number": 37
      },
      {
        "type": "Secret Keyword",
        "filename": "apps/backend/src/core/auth.py",
        "hashed_secret": "c5d74fb382fca2cd0915286aef9074656b0617d4",
        "is_verified": false,
        "line_number": 38
      }
    ],
    "apps/backend/src/core/key_management.py": [
      {
        "type": "Secret Keyword",
        "filename": "apps/backend/src/core/key_management.py",
        "hashed_secret": "665b1e3851eefefa3fb878654292f16597d25155",
        "is_verified": false,
        "line_number": 22
      },
      {
        "type": "Secret Keyword",
        "filename": "apps/backend/src/core/key_management.py",
        "hashed_secret": "61f4d225e09a85871707417e065b3794a2d75f28",
        "is_verified": false,
        "line_number": 23
      },
      {
        "type": "Private Key",
        "filename": "apps/backend/src/core/key_management.py",
        "hashed_secret": "27c6929aef41ae2bcadac15ca6abcaff72cda9cd",
        "is_verified": false,
        "line_number": 652
      }
    ],
    "apps/backend/src/core/tool_adapters/base_adapter.py": [
      {
        "type": "Secret Keyword",
        "filename": "apps/backend/src/core/tool_adapters/base_adapter.py",
        "hashed_secret": "9c462ece8ad3b9f918b4ff0e1da36c4a6fd4c598",
        "is_verified": false,
        "line_number": 49
      },
      {
        "type": "Secret Keyword",
        "filename": "apps/backend/src/core/tool_adapters/base_adapter.py",
        "hashed_secret": "8e08a75f72142ffb39f0ba1cd9bde16cfada55d0",
        "is_verified": false,
        "line_number": 53
      }
    ],
    "apps/backend/src/core/tool_adapters_bugbounty.py": [
      {
        "type": "Secret Keyword",
        "filename": "apps/backend/src/core/tool_adapters_bugbounty.py",
        "hashed_secret": "8525aaa8359e52b9251c3d249c0cad272acd6251",
        "is_verified": false,
        "line_number": 101
      }
    ],
    "apps/backend/src/core/trace.py": [
      {
        "type": "Private Key",
        "filename": "apps/backend/src/core/trace.py",
        "hashed_secret": "be4fc4886bd949b369d5e092eb87494f12e57e5b",
        "is_verified": false,
        "line_number": 17
      }
    ],
    "apps/backend/src/core/workflow_data_store.py": [
      {
        "type": "Secret Keyword",
        "filename": "apps/backend/src/core/workflow_data_store.py",
        "hashed_secret": "cff6ff29dbf3f06be5528758faa893205f8782a7",
        "is_verified": false,
        "line_number": 22
      }
    ],
    "apps/backend/src/mcp_servers/osint_mcp.py": [
      {
        "type": "Hex High Entropy String",
        "filename": "apps/backend/src/mcp_servers/osint_mcp.py",
        "hashed_secret": "90bd1b48e958257948487b90bee080ba5ed00caa",
        "is_verified": false,
        "line_number": 209
      }
    ],
    "apps/frontend/src/routes/HuntOps.tsx": [
      {
        "type": "Secret Keyword",
        "filename": "apps/frontend/src/routes/HuntOps.tsx",
        "hashed_secret": "47acd2028cf81b5da88ddeedb2aea4eca4b71fbd",
        "is_verified": false,
        "line_number": 357
      }
    ],
    "apps/frontend/src/routes/WorkflowDashboard.tsx": [
      {
        "type": "Secret Keyword",
        "filename": "apps/frontend/src/routes/WorkflowDashboard.tsx",
        "hashed_secret": "47acd2028cf81b5da88ddeedb2aea4eca4b71fbd",
        "is_verified": false,
        "line_number": 84
      }
    ],
    "apps/k1/artifacts/reports/submit-run-001/merkle.json": [
      {
        "type": "Hex High Entropy String",
        "filename": "apps/k1/artifacts/reports/submit-run-001/merkle.json",
        "hashed_secret": "af064ba6298d8fb0b0faedcb3fab48401fd834b2",
        "is_verified": false,
        "line_number": 2
      },
      {
        "type": "Hex High Entropy String",
        "filename": "apps/k1/artifacts/reports/submit-run-001/merkle.json",
        "hashed_secret": "b648aa015252763a7f815e00d2c97860aa34a8e3",
        "is_verified": false,
        "line_number": 6
      },
      {
        "type": "Hex High Entropy String",
        "filename": "apps/k1/artifacts/reports/submit-run-001/merkle.json",
        "hashed_secret": "6d89cd05ad36a6b4af2ad204d3728012af76dc80",
        "is_verified": false,
        "line_number": 10
      }
    ],
    "deploy/docker-compose.dev.yml": [
      {
        "type": "Secret Keyword",
        "filename": "deploy/docker-compose.dev.yml",
        "hashed_secret": "f8f243ef8fb256ae829af7499c76110ae902e618",
        "is_verified": false,
        "line_number": 8
      },
      {
        "type": "Basic Auth Credentials",
        "filename": "deploy/docker-compose.dev.yml",
        "hashed_secret": "f8f243ef8fb256ae829af7499c76110ae902e618",
        "is_verified": false,
        "line_number": 93
      },
      {
        "type": "Secret Keyword",
        "filename": "deploy/docker-compose.dev.yml",
        "hashed_secret": "4d7d915a48c55a5a835cf6097b78a0ea5f61a69f",
        "is_verified": false,
        "line_number": 94
      },
      {
        "type": "Secret Keyword",
        "filename": "deploy/docker-compose.dev.yml",
        "hashed_secret": "41d24d53256b42882ae483ce67db8e19d01ef9d9",
        "is_verified": false,
        "line_number": 95
      },
      {
        "type": "Secret Keyword",
        "filename": "deploy/docker-compose.dev.yml",
        "hashed_secret": "fa9beb99e4029ad5a6615399e7bbae21356086b3",
        "is_verified": false,
        "line_number": 97
      }
    ],
    "docker-compose.dev.yml": [
      {
        "type": "Secret Keyword",
        "filename": "docker-compose.dev.yml",
        "hashed_secret": "66c13dc80c2b7d6310d669b21194ca1b9acca5e1",
        "is_verified": false,
        "line_number": 13
      }
    ],
    "docs/configuration.md": [
      {
        "type": "Basic Auth Credentials",
        "filename": "docs/configuration.md",
        "hashed_secret": "9d4e1e23bd5b727046a9e3b4b7db57bd8d6ee684",
        "is_verified": false,
        "line_number": 45
      }
    ],
    "docs/development_guide.md": [
      {
        "type": "Basic Auth Credentials",
        "filename": "docs/development_guide.md",
        "hashed_secret": "f8f243ef8fb256ae829af7499c76110ae902e618",
        "is_verified": false,
        "line_number": 24
      }
    ],
    "docs/install_ubuntu_22_04.md": [
      {
        "type": "Basic Auth Credentials",
        "filename": "docs/install_ubuntu_22_04.md",
        "hashed_secret": "f8f243ef8fb256ae829af7499c76110ae902e618",
        "is_verified": false,
        "line_number": 35
      }
    ],
    "docs/review_since_last_push_ledger.json": [
      {
        "type": "Hex High Entropy String",
        "filename": "docs/review_since_last_push_ledger.json",
        "hashed_secret": "93dd6052602defdd4e7086b45ae7977934e4a5f9",
        "is_verified": false,
        "line_number": 5
      }
    ],
    "iam-kai-executor-policy.json": [
      {
        "type": "Base64 High Entropy String",
        "filename": "iam-kai-executor-policy.json",
        "hashed_secret": "124594ef07808d639662ee9e93eabbb7b71cf12f",
        "is_verified": false,
        "line_number": 46
      }
    ],
    "output/raw/wf-9421cffd-9b31-4bed-805e-c0145f26dfe3/active_recon/dnsx.json": [
      {
        "type": "Hex High Entropy String",
        "filename": "output/raw/wf-9421cffd-9b31-4bed-805e-c0145f26dfe3/active_recon/dnsx.json",
        "hashed_secret": "dc3c3108286b5115b71e9935c5df0747369ab98d",
        "is_verified": false,
        "line_number": 30
      }
    ],
    "output/raw/wf-9421cffd-9b31-4bed-805e-c0145f26dfe3/live_host_validation/httpx_probe.json": [
      {
        "type": "Hex High Entropy String",
        "filename": "output/raw/wf-9421cffd-9b31-4bed-805e-c0145f26dfe3/live_host_validation/httpx_probe.json",
        "hashed_secret": "ede4e6cf89eee26ff02515338a62eba9c194451f",
        "is_verified": false,
        "line_number": 29
      }
    ],
    "output/raw/wf-9421cffd-9b31-4bed-805e-c0145f26dfe3/live_host_validation/naabu.json": [
      {
        "type": "Hex High Entropy String",
        "filename": "output/raw/wf-9421cffd-9b31-4bed-805e-c0145f26dfe3/live_host_validation/naabu.json",
        "hashed_secret": "1a5da1aa7de7c67ec9df4932852bc6e778daa56e",
        "is_verified": false,
        "line_number": 29
      }
    ],
    "output/raw/wf-9421cffd-9b31-4bed-805e-c0145f26dfe3/passive_recon/gau.json": [
      {
        "type": "Hex High Entropy String",
        "filename": "output/raw/wf-9421cffd-9b31-4bed-805e-c0145f26dfe3/passive_recon/gau.json",
        "hashed_secret": "367645f3f74371dabdc8a1c1ba53930506c4926e",
        "is_verified": false,
        "line_number": 29
      }
    ],
    "output/raw/wf-f9f0cd32-0a56-4c11-b109-c740e5f736c0/active_recon/dnsx.json": [
      {
        "type": "Hex High Entropy String",
        "filename": "output/raw/wf-f9f0cd32-0a56-4c11-b109-c740e5f736c0/active_recon/dnsx.json",
        "hashed_secret": "dc3c3108286b5115b71e9935c5df0747369ab98d",
        "is_verified": false,
        "line_number": 30
      }
    ],
    "output/raw/wf-f9f0cd32-0a56-4c11-b109-c740e5f736c0/live_host_validation/httpx_probe.json": [
      {
        "type": "Hex High Entropy String",
        "filename": "output/raw/wf-f9f0cd32-0a56-4c11-b109-c740e5f736c0/live_host_validation/httpx_probe.json",
        "hashed_secret": "ede4e6cf89eee26ff02515338a62eba9c194451f",
        "is_verified": false,
        "line_number": 29
      }
    ],
    "personas/hacker_inputs/Agent_Zero_Chained_Prompt_7_Automated_Headless_API_Key_Retrieval.md": [
      {
        "type": "Secret Keyword",
        "filename": "personas/hacker_inputs/Agent_Zero_Chained_Prompt_7_Automated_Headless_API_Key_Retrieval.md",
        "hashed_secret": "8a73cdf311133b7d624f1aeb82a148c7e352575f",
        "is_verified": false,
        "line_number": 84
      }
    ],
    "personas/hacker_inputs/Agent_Zero_Chained_Prompt_8_Advanced_Intelligence_Package_Expansion__API_Integration.md": [
      {
        "type": "Secret Keyword",
        "filename": "personas/hacker_inputs/Agent_Zero_Chained_Prompt_8_Advanced_Intelligence_Package_Expansion__API_Integration.md",
        "hashed_secret": "8a73cdf311133b7d624f1aeb82a148c7e352575f",
        "is_verified": false,
        "line_number": 34
      },
      {
        "type": "Secret Keyword",
        "filename": "personas/hacker_inputs/Agent_Zero_Chained_Prompt_8_Advanced_Intelligence_Package_Expansion__API_Integration.md",
        "hashed_secret": "7f401e2a221506db5ee72aaee8c8f22b6323605d",
        "is_verified": false,
        "line_number": 38
      }
    ],
    "scripts/backup_db.sh": [
      {
        "type": "Basic Auth Credentials",
        "filename": "scripts/backup_db.sh",
        "hashed_secret": "5baa61e4c9b93f3f0682250b6cf8331b7ee68fd8",
        "is_verified": false,
        "line_number": 26
      }
    ],
    "scripts/verify_phase1.py": [
      {
        "type": "Secret Keyword",
        "filename": "scripts/verify_phase1.py",
        "hashed_secret": "087fb266202ef87a1af0230a1cbaa69fd3f50d20",
        "is_verified": false,
        "line_number": 222
      }
    ],
    "tests/test_logs_redaction_negative.py": [
      {
        "type": "Private Key",
        "filename": "tests/test_logs_redaction_negative.py",
        "hashed_secret": "be4fc4886bd949b369d5e092eb87494f12e57e5b",
        "is_verified": false,
        "line_number": 30
      }
    ],
    "tests/test_tool_adapters_bugbounty.py": [
      {
        "type": "Secret Keyword",
        "filename": "tests/test_tool_adapters_bugbounty.py",
        "hashed_secret": "f32b67c7e26342af42efabc674d441dca0a281c5",
        "is_verified": false,
        "line_number": 251
      }
    ],
    "verify_infra.py": [
      {
        "type": "Secret Keyword",
        "filename": "verify_infra.py",
        "hashed_secret": "bec262808ffd307630f5d167bb7aaf470eabbe6b",
        "is_verified": false,
        "line_number": 292
      },
      {
        "type": "Secret Keyword",
        "filename": "verify_infra.py",
        "hashed_secret": "5d3c3a9a4ba777ae188f10b7d090f1a708c28e4f",
        "is_verified": false,
        "line_number": 295
      },
      {
        "type": "Secret Keyword",
        "filename": "verify_infra.py",
        "hashed_secret": "5a013c49508291c6816ac388f93a2c11973086ed",
        "is_verified": false,
        "line_number": 298
      }
    ]
  },
  "generated_at": "2026-03-15T04:20:04Z"
}
